ASxxxx Linker V03.00/V05.40 + sdld,  page 1.
Hexadecimal  [32-Bits]

Area                                    Addr        Size        Decimal Bytes (Attributes)
--------------------------------        ----        ----        ------- ----- ------------
.  .ABS.                            00000000    00000000 =           0. bytes (ABS,CON)

      Value  Global                              Global Defined In Module
      -----  --------------------------------   ------------------------
     00000000  .__.ABS.                           
     00000000  _rRAMG                             
     00000000  l__BASE                         
     00000000  l__BSS                          
     00000000  l__CABS                         
     00000000  l__CODE_0                       
     00000000  l__CRASH_HEADER                 
     00000000  l__CRASH_SCRATCH                
     00000000  l__DABS                         
     00000000  l__HEADER                       
     00000000  l__HEADER_LCD                   
     00000000  l__HEADER_SIO                   
     00000000  l__HEADER_TIMER                 
     00000000  l__HEAP                         
     00000000  l__HEAP_END                     
     00000000  l__HRAM                         
     00000000  l__LIT                          
     00000000  s__CABS                         
     00000000  s__CRASH_HEADER                 
     00000000  s__CRASH_HEADER0                
     00000000  s__CRASH_HEADER1                
     00000000  s__CRASH_SCRATCH                
     00000000  s__CRASH_SCRATCH2               
     00000000  s__DABS                         
     00000000  s__HEADER                       
     00000000  s__HEADER0                      
     00000000  s__HEADER1                      
     00000000  s__HEADER10                     
     00000000  s__HEADER11                     
     00000000  s__HEADER2                      
     00000000  s__HEADER3                      
     00000000  s__HEADER4                      
     00000000  s__HEADER5                      
     00000000  s__HEADER6                      
     00000000  s__HEADER7                      
     00000000  s__HEADER8                      
     00000000  s__HEADER9                      
     00000000  s__HEADER_LCD                   
     00000000  s__HEADER_LCD0                  
     00000000  s__HEADER_SIO                   
     00000000  s__HEADER_SIO0                  
     00000000  s__HEADER_TIMER                 
     00000000  s__HEADER_TIMER0                
     00000000  s__HEADERa                      
     00000000  s__HEADERb                      
     00000000  s__HEADERc                      
     00000000  s__HEADERd                      
     00000000  s__HEADERe                      
     00000000  s__HEADERf                      
     00000000  s__HRAM                         
ASxxxx Linker V03.00/V05.40 + sdld,  page 2.
Hexadecimal  [32-Bits]

Area                                    Addr        Size        Decimal Bytes (Attributes)
--------------------------------        ----        ----        ------- ----- ------------
.  .ABS.                            00000000    00000000 =           0. bytes (ABS,CON)

      Value  Global                              Global Defined In Module
      -----  --------------------------------   ------------------------
     00000000  s__HRAM12                       
     00000001  ___bank_ACTOR                      actor
     00000001  ___bank_VM_GBPRINTER               vm_gbprinter
     00000001  ___bank_VM_SGB                     vm_sgb
     00000001  ___bank_bg_tvbg_tileset            bg_tvbg_tileset
     00000001  ___bank_bg_yousnoozebg2_tileset    bg_yousnoozebg2_tileset
     00000001  b_activate_actor                   actor
     00000001  b_activate_actors_in_col           actor
     00000001  b_activate_actors_in_row           actor
     00000001  b_actor_at_tile                    actor
     00000001  b_actor_get_frame_offset           actor
     00000001  b_actor_in_front_of_player         actor
     00000001  b_actor_overlapping_bb             actor
     00000001  b_actor_overlapping_player         actor
     00000001  b_actor_set_anim_idle              actor
     00000001  b_actor_set_anim_moving            actor
     00000001  b_actor_set_dir                    actor
     00000001  b_actor_set_frame_offset           actor
     00000001  b_actor_set_frames                 actor
     00000001  b_actors_handle_player_collision   actor
     00000001  b_actors_init                      actor
     00000001  b_check_collision_in_direction     actor
     00000001  b_deactivate_actor                 actor
     00000001  b_player_init                      actor
     00000001  b_remove_LCD_ISRs                  interrupts
     00000001  b_ui_draw_frame                    ui
     00000001  b_ui_draw_text_buffer_char         ui
     00000001  b_ui_init                          ui
     00000001  b_ui_load_tiles                    ui
     00000001  b_ui_run_menu                      ui
     00000001  b_ui_run_modal                     ui
     00000001  b_ui_set_start_tile                ui
     00000001  b_vm_print_detect                  vm_gbprinter
     00000001  b_vm_print_overlay                 vm_gbprinter
     00000001  l__GSFINAL                      
     00000001  l__HEADER0                      
     00000001  l__HEADER5                      
     00000001  l__HEADERa                      
     00000001  l__HEADERb                      
     00000001  l__HEADERc                      
     00000001  l__HEADERe                      
     00000001  l__HEADERf                      
     00000002  ___bank_VM_ACTOR                   vm_actor
     00000002  ___bank_VM_MAIN                    vm
     00000002  ___bank_VM_UI                      vm_ui
     00000002  ___bank_font_gbs_mono              font_gbs_mono
     00000002  ___bank_script_engine_init         
     00000002  b_do_load_palette                  data_manager
     00000002  b_load_background                  data_manager
     00000002  b_load_bkg_tileset                 data_manager
     00000002  b_load_bounds                      data_manager
ASxxxx Linker V03.00/V05.40 + sdld,  page 3.
Hexadecimal  [32-Bits]

Area                                    Addr        Size        Decimal Bytes (Attributes)
--------------------------------        ----        ----        ------- ----- ------------
.  .ABS.                            00000000    00000000 =           0. bytes (ABS,CON)

      Value  Global                              Global Defined In Module
      -----  --------------------------------   ------------------------
     00000002  b_load_emote                       data_manager
     00000002  b_load_init                        data_manager
     00000002  b_load_player                      data_manager
     00000002  b_load_scene                       data_manager
     00000002  b_load_sprite                      data_manager
     00000002  b_script_detach_hthread            vm
     00000002  b_script_execute                   vm
     00000002  b_script_runner_init               vm
     00000002  b_script_terminate                 vm
     00000002  b_vm_actor_activate                vm_actor
     00000002  b_vm_actor_begin_update            vm_actor
     00000002  b_vm_actor_deactivate              vm_actor
     00000002  b_vm_actor_emote                   vm_actor
     00000002  b_vm_actor_get_angle               vm_actor
     00000002  b_vm_actor_get_anim_frame          vm_actor
     00000002  b_vm_actor_get_dir                 vm_actor
     00000002  b_vm_actor_get_pos                 vm_actor
     00000002  b_vm_actor_move_cancel             vm_actor
     00000002  b_vm_actor_move_to                 vm_actor
     00000002  b_vm_actor_replace_tile            vm_actor
     00000002  b_vm_actor_set_anim                vm_actor
     00000002  b_vm_actor_set_anim_frame          vm_actor
     00000002  b_vm_actor_set_anim_set            vm_actor
     00000002  b_vm_actor_set_anim_tick           vm_actor
     00000002  b_vm_actor_set_bounds              vm_actor
     00000002  b_vm_actor_set_dir                 vm_actor
     00000002  b_vm_actor_set_flags               vm_actor
     00000002  b_vm_actor_set_move_speed          vm_actor
     00000002  b_vm_actor_set_pos                 vm_actor
     00000002  b_vm_actor_set_spritesheet         vm_actor
     00000002  b_vm_actor_set_spritesheet_by_re   vm_actor
     00000002  b_vm_actor_terminate_update        vm_actor
     00000002  b_vm_call                          vm
     00000002  b_vm_call_far                      vm
     00000002  b_vm_choice                        vm_ui
     00000002  b_vm_display_text                  vm_ui
     00000002  b_vm_get_indirect                  vm
     00000002  b_vm_get_tlocal                    vm
     00000002  b_vm_idle                          vm
     00000002  b_vm_if                            vm
     00000002  b_vm_if_const                      vm
     00000002  b_vm_init_rng                      vm
     00000002  b_vm_invoke                        vm
     00000002  b_vm_join                          vm
     00000002  b_vm_jump                          vm
     00000002  b_vm_lock                          vm
     00000002  b_vm_loop                          vm
     00000002  b_vm_memcpy                        vm
     00000002  b_vm_memset                        vm
     00000002  b_vm_overlay_clear                 vm_ui
     00000002  b_vm_overlay_move_to               vm_ui
ASxxxx Linker V03.00/V05.40 + sdld,  page 4.
Hexadecimal  [32-Bits]

Area                                    Addr        Size        Decimal Bytes (Attributes)
--------------------------------        ----        ----        ------- ----- ------------
.  .ABS.                            00000000    00000000 =           0. bytes (ABS,CON)

      Value  Global                              Global Defined In Module
      -----  --------------------------------   ------------------------
     00000002  b_vm_overlay_scroll                vm_ui
     00000002  b_vm_overlay_set_map               vm_ui
     00000002  b_vm_overlay_set_scroll            vm_ui
     00000002  b_vm_overlay_set_submap            vm_ui
     00000002  b_vm_overlay_set_submap_ex         vm_ui
     00000002  b_vm_overlay_setpos                vm_ui
     00000002  b_vm_overlay_show                  vm_ui
     00000002  b_vm_overlay_wait                  vm_ui
     00000002  b_vm_poll_loaded                   vm
     00000002  b_vm_pop                           vm
     00000002  b_vm_push                          vm
     00000002  b_vm_push_reference                vm
     00000002  b_vm_push_value                    vm
     00000002  b_vm_push_value_ind                vm
     00000002  b_vm_raise                         vm
     00000002  b_vm_rand                          vm
     00000002  b_vm_reserve                       vm
     00000002  b_vm_ret                           vm
     00000002  b_vm_ret_far                       vm
     00000002  b_vm_set                           vm
     00000002  b_vm_set_const                     vm
     00000002  b_vm_set_font                      vm_ui
     00000002  b_vm_set_indirect                  vm
     00000002  b_vm_set_text_sound                vm_ui
     00000002  b_vm_switch_text_layer             vm_ui
     00000002  b_vm_terminate                     vm
     00000002  b_vm_test_terminate                vm
     00000002  b_vm_unlock                        vm
     00000002  b_wait_frames                      vm
     00000002  l__HEADER10                     
     00000002  l__HEADER6                      
     00000002  l__HEADERd                      
     00000003  ___bank_VM_CAMERA                  vm_camera
     00000003  ___bank_VM_GAMEBOY                 vm_gameboy
     00000003  ___bank_bg_tvbg01_tileset          bg_tvbg01_tileset
     00000003  ___bank_bg_tvbg02_tileset          bg_tvbg02_tileset
     00000003  ___bank_bg_tvbg03_tileset          bg_tvbg03_tileset
     00000003  ___bank_bg_yousnoozebg_tileset     bg_yousnoozebg_tileset
     00000003  ___bank_palette_0                  palette_0
     00000003  ___bank_palette_1                  palette_1
     00000003  b_camera_shake_frames              vm_camera
     00000003  b_core_reset                       core
     00000003  b_core_run                         core
     00000003  b_data_clear                       load_save
     00000003  b_data_init                        load_save
     00000003  b_data_load                        load_save
     00000003  b_data_peek                        load_save
     00000003  b_data_save                        load_save
     00000003  b_pointnclick_init                 pointnclick
     00000003  b_pointnclick_update               pointnclick
     00000003  b_projectile_launch                projectiles
ASxxxx Linker V03.00/V05.40 + sdld,  page 5.
Hexadecimal  [32-Bits]

Area                                    Addr        Size        Decimal Bytes (Attributes)
--------------------------------        ----        ----        ------- ----- ------------
.  .ABS.                            00000000    00000000 =           0. bytes (ABS,CON)

      Value  Global                              Global Defined In Module
      -----  --------------------------------   ------------------------
     00000003  b_projectiles_init                 projectiles
     00000003  b_restore_sram                     flasher
     00000003  b_restore_sram_bank                flasher
     00000003  b_save_sram                        flasher
     00000003  b_scroll_init                      scroll
     00000003  b_scroll_repaint                   scroll
     00000003  b_scroll_reset                     scroll
     00000003  b_scroll_update                    scroll
     00000003  b_topdown_init                     topdown
     00000003  b_topdown_update                   topdown
     00000003  b_trigger_activate_at              trigger
     00000003  b_trigger_activate_at_intersecti   trigger
     00000003  b_trigger_at_intersection          trigger
     00000003  b_trigger_at_tile                  trigger
     00000003  b_trigger_interact                 trigger
     00000003  b_trigger_reset                    trigger
     00000003  b_vm_camera_move_to                vm_camera
     00000003  b_vm_camera_set_pos                vm_camera
     00000003  b_vm_context_prepare               vm_gameboy
     00000003  b_vm_fade                          vm_gameboy
     00000003  b_vm_get_tile_xy                   vm_gameboy
     00000003  b_vm_input_attach                  vm_gameboy
     00000003  b_vm_input_detach                  vm_gameboy
     00000003  b_vm_input_get                     vm_gameboy
     00000003  b_vm_input_wait                    vm_gameboy
     00000003  b_vm_load_tileset                  vm_gameboy
     00000003  b_vm_poll                          vm_gameboy
     00000003  b_vm_replace_tile                  vm_gameboy
     00000003  b_vm_replace_tile_xy               vm_gameboy
     00000003  b_vm_rumble                        vm_gameboy
     00000003  b_vm_set_sprite_mode               vm_gameboy
     00000003  b_vm_set_sprites_visible           vm_gameboy
     00000003  b_vm_timer_prepare                 vm_gameboy
     00000003  b_vm_timer_reset                   vm_gameboy
     00000003  b_vm_timer_set                     vm_gameboy
     00000003  b_vm_timer_stop                    vm_gameboy
     00000003  l__HEADER9                      
     00000003  l__HEADER_LCD0                  
     00000003  l__HRAM12                       
     00000004  ___bank_VM_LOAD_SAVE               vm_load_save
     00000004  ___bank_VM_MATH                    vm_math
     00000004  ___bank_VM_MUSIC                   vm_music
     00000004  ___bank_VM_PALETTE                 vm_palette
     00000004  ___bank_VM_PROJECTILE              vm_projectiles
     00000004  ___bank_VM_RTC                     vm_rtc
     00000004  ___bank_VM_SCENE                   vm_scene
     00000004  ___bank_VM_SIO                     vm_sio
     00000004  ___bank_bg_tvbg                    bg_tvbg
     00000004  ___bank_bg_tvbg01                  bg_tvbg01
     00000004  ___bank_bg_tvbg01_tilemap          bg_tvbg01_tilemap
     00000004  ___bank_bg_tvbg02                  bg_tvbg02
ASxxxx Linker V03.00/V05.40 + sdld,  page 6.
Hexadecimal  [32-Bits]

Area                                    Addr        Size        Decimal Bytes (Attributes)
--------------------------------        ----        ----        ------- ----- ------------
.  .ABS.                            00000000    00000000 =           0. bytes (ABS,CON)

      Value  Global                              Global Defined In Module
      -----  --------------------------------   ------------------------
     00000004  ___bank_bg_tvbg02_tilemap          bg_tvbg02_tilemap
     00000004  ___bank_bg_tvbg03                  bg_tvbg03
     00000004  ___bank_bg_tvbg03_tilemap          bg_tvbg03_tilemap
     00000004  ___bank_bg_tvbg04                  bg_tvbg04
     00000004  ___bank_bg_tvbg04_tilemap          bg_tvbg04_tilemap
     00000004  ___bank_bg_tvbg04_tileset          bg_tvbg04_tileset
     00000004  ___bank_bg_tvbg05                  bg_tvbg05
     00000004  ___bank_bg_tvbg05_tilemap          bg_tvbg05_tilemap
     00000004  ___bank_bg_tvbg05_tileset          bg_tvbg05_tileset
     00000004  ___bank_bg_tvbg_tilemap            bg_tvbg_tilemap
     00000004  ___bank_bg_yousnoozebg             bg_yousnoozebg
     00000004  ___bank_bg_yousnoozebg2            bg_yousnoozebg2
     00000004  ___bank_bg_yousnoozebg2_tilemap    bg_yousnoozebg2_tilemap
     00000004  ___bank_bg_yousnoozebg_tilemap     bg_yousnoozebg_tilemap
     00000004  ___bank_bootstrap_script           
     00000004  ___bank_cursor_image               cursor_image
     00000004  ___bank_frame_image                frame_image
     00000004  ___bank_scene_1                    scene_1
     00000004  ___bank_scene_1_collisions         scene_1_collisions
     00000004  ___bank_scene_1_init               scene_1_init
     00000004  ___bank_scene_2                    scene_2
     00000004  ___bank_scene_2_collisions         scene_2_collisions
     00000004  ___bank_scene_2_init               scene_2_init
     00000004  ___bank_scene_3                    scene_3
     00000004  ___bank_scene_3_collisions         scene_3_collisions
     00000004  ___bank_scene_3_init               scene_3_init
     00000004  ___bank_scene_4                    scene_4
     00000004  ___bank_scene_4_collisions         scene_4_collisions
     00000004  ___bank_scene_4_init               scene_4_init
     00000004  ___bank_scene_5                    scene_5
     00000004  ___bank_scene_5_collisions         scene_5_collisions
     00000004  ___bank_scene_5_init               scene_5_init
     00000004  ___bank_scene_6                    scene_6
     00000004  ___bank_scene_6_collisions         scene_6_collisions
     00000004  ___bank_scene_6_init               scene_6_init
     00000004  ___bank_scene_7                    scene_7
     00000004  ___bank_scene_7_collisions         scene_7_collisions
     00000004  ___bank_scene_7_init               scene_7_init
     00000004  ___bank_scene_8                    scene_8
     00000004  ___bank_scene_8_collisions         scene_8_collisions
     00000004  ___bank_scene_8_init               scene_8_init
     00000004  ___bank_script_input               script_input
     00000004  ___bank_script_timer               script_timer
     00000004  ___bank_script_timer_0             script_timer_0
     00000004  ___bank_script_timer_1             script_timer_1
     00000004  ___bank_script_timer_2             script_timer_2
     00000004  ___bank_script_timer_3             script_timer_3
     00000004  ___bank_sprite_actor_animated      sprite_actor_animated
     00000004  ___bank_sprite_actor_animated_ti   sprite_actor_animated_tilese
     00000004  ___bank_spritesheet_none           spritesheet_none
     00000004  ___bank_tileset_default_frame      tileset_default_frame
ASxxxx Linker V03.00/V05.40 + sdld,  page 7.
Hexadecimal  [32-Bits]

Area                                    Addr        Size        Decimal Bytes (Attributes)
--------------------------------        ----        ----        ------- ----- ------------
.  .ABS.                            00000000    00000000 =           0. bytes (ABS,CON)

      Value  Global                              Global Defined In Module
      -----  --------------------------------   ------------------------
     00000004  __start_save                    
     00000004  b_SIO_init                         sio
     00000004  b___HandleCrash_banked             
     00000004  b_atan2                            math_atan2
     00000004  b_camera_init                      camera
     00000004  b_erase_flash                      
     00000004  b_events_init                      events
     00000004  b_fade_applypalettechange          fade_manager
     00000004  b_fade_in                          fade_manager
     00000004  b_fade_in_modal                    fade_manager
     00000004  b_fade_init                        fade_manager
     00000004  b_fade_out                         fade_manager
     00000004  b_fade_out_modal                   fade_manager
     00000004  b_fade_setspeed                    fade_manager
     00000004  b_fade_update                      fade_manager
     00000004  b_gbprinter_detect                 gbprinter
     00000004  b_gbprinter_print_overlay          gbprinter
     00000004  b_input_init                       input
     00000004  b_itoa_fmt                         vm_ui_a
     00000004  b_logo_init                        logo
     00000004  b_logo_update                      logo
     00000004  b_music_events_poll                music_manager
     00000004  b_music_init_driver                music_manager
     00000004  b_music_init_events                music_manager
     00000004  b_palette_init                     palette
     00000004  b_parallax_init                    parallax
     00000004  b_save_sram_banks                  
     00000004  b_scroll_rect                      
     00000004  b_set_sgb_border                   sgb_border
     00000004  b_timers_init                      events
     00000004  b_vm_cos_scale                     vm_math
     00000004  b_vm_load_palette                  vm_palette
     00000004  b_vm_music_mute                    vm_music
     00000004  b_vm_music_play                    vm_music
     00000004  b_vm_music_routine                 vm_music
     00000004  b_vm_music_setpos                  vm_music
     00000004  b_vm_music_stop                    vm_music
     00000004  b_vm_projectile_launch             vm_projectiles
     00000004  b_vm_projectile_load_type          vm_projectiles
     00000004  b_vm_rtc_get                       vm_rtc
     00000004  b_vm_rtc_latch                     vm_rtc
     00000004  b_vm_rtc_set                       vm_rtc
     00000004  b_vm_rtc_start                     vm_rtc
     00000004  b_vm_save_clear                    vm_load_save
     00000004  b_vm_save_peek                     vm_load_save
     00000004  b_vm_scene_pop                     vm_scene
     00000004  b_vm_scene_pop_all                 vm_scene
     00000004  b_vm_scene_push                    vm_scene
     00000004  b_vm_scene_stack_reset             vm_scene
     00000004  b_vm_sfx_play                      vm_music
     00000004  b_vm_sin_scale                     vm_math
ASxxxx Linker V03.00/V05.40 + sdld,  page 8.
Hexadecimal  [32-Bits]

Area                                    Addr        Size        Decimal Bytes (Attributes)
--------------------------------        ----        ----        ------- ----- ------------
.  .ABS.                            00000000    00000000 =           0. bytes (ABS,CON)

      Value  Global                              Global Defined In Module
      -----  --------------------------------   ------------------------
     00000004  b_vm_sio_exchange                  vm_sio
     00000004  b_vm_sio_set_mode                  vm_sio
     00000004  b_vm_sound_mastervol               vm_music
     00000004  l__CRASH_HEADER1                
     00000004  l__HEADER_SIO0                  
     00000004  l__HEADER_TIMER0                
     00000005  l__CRASH_HEADER0                
     00000005  l__HEADER1                      
     00000006  l__HEADER8                      
     00000007  l__HEADER2                      
     00000008  l__HEADER3                      
     00000019  l__INITIALIZED                  
     00000019  l__INITIALIZER                  
     00000027  l__GSINIT                       
     00000030  l__HEADER7                      
     00000060  l__HEADER4                      
     000000AB  l__HEADER11                     
     000001CB  l__CRASH_SCRATCH2               
     00000200  s__CODE                         
     00000E52  l__CODE                         
     00001052  s__HOME                         
     00001971  l__DATA                         
     00002000  _rROMB0                            
     00002C6D  l__HOME                         
     00003000  _rROMB1                            
     00003BD1  l__CODE_4                       
     00003CBF  s__BASE                         
     00003CBF  s__CODE_0                       
     00003CBF  s__INITIALIZER                  
     00003CBF  s__LIT                          
     00003CD8  s__GSINIT                       
     00003CFF  s__GSFINAL                      
     00003FFE  l__CODE_1                       
     00003FFE  l__CODE_2                       
     00004000  _RTC_SELECT_REG                    vm_rtc
     00004000  _rRAMB                             
     00004000  l__CODE_3                       
     00006000  _RTC_LATCH_REG                     vm_rtc
     00008000  __VRAM                             
     00008000  __VRAM8000                         
     00008800  __VRAM8800                         
     00009000  __VRAM9000                         
     00009800  __SCRN0                            
     00009C00  __SCRN1                            
     0000A000  _RTC_VALUE_REG                     vm_rtc
     0000A000  __SRAM                             
     0000C000  __RAM                              
     0000C000  _shadow_OAM                     
     0000C0A0  s__DATA                         
     0000D000  __RAMBANK                          
     0000DA11  s__BSS                          
ASxxxx Linker V03.00/V05.40 + sdld,  page 9.
Hexadecimal  [32-Bits]

Area                                    Addr        Size        Decimal Bytes (Attributes)
--------------------------------        ----        ----        ------- ----- ------------
.  .ABS.                            00000000    00000000 =           0. bytes (ABS,CON)

      Value  Global                              Global Defined In Module
      -----  --------------------------------   ------------------------
     0000DA11  s__INITIALIZED                  
     0000DA2A  s__HEAP                         
     0000DA2A  s__HEAP_END                     
     0000DF00  .STACK                          
     0000DF00  _shadow_OAM2                       absolute
     0000DFA0  _BkgPalette                        absolute
     0000DFE0  _vwf_tile_data                     absolute
     0000FE00  __OAMRAM                           
     0000FF00  _P1_REG                            
     0000FF00  __IO                               
     0000FF01  _SB_REG                            
     0000FF02  _SC_REG                            
     0000FF04  _DIV_REG                           
     0000FF05  _TIMA_REG                          
     0000FF06  _TMA_REG                           
     0000FF07  _TAC_REG                           
     0000FF0F  _IF_REG                            
     0000FF10  _NR10_REG                          
     0000FF11  _NR11_REG                          
     0000FF12  _NR12_REG                          
     0000FF13  _NR13_REG                          
     0000FF14  _NR14_REG                          
     0000FF16  _NR21_REG                          
     0000FF17  _NR22_REG                          
     0000FF18  _NR23_REG                          
     0000FF19  _NR24_REG                          
     0000FF1A  _NR30_REG                          
     0000FF1B  _NR31_REG                          
     0000FF1C  _NR32_REG                          
     0000FF1D  _NR33_REG                          
     0000FF1E  _NR34_REG                          
     0000FF20  _NR41_REG                          
     0000FF21  _NR42_REG                          
     0000FF22  _NR43_REG                          
     0000FF23  _NR44_REG                          
     0000FF24  _NR50_REG                          
     0000FF25  _NR51_REG                          
     0000FF26  _NR52_REG                          
     0000FF30  _AUD3WAVE                          
     0000FF30  _PCM_SAMPLE                        
     0000FF30  __AUD3WAVERAM                      
     0000FF40  _LCDC_REG                          
     0000FF41  _STAT_REG                          
     0000FF42  _SCY_REG                           
     0000FF43  _SCX_REG                           
     0000FF44  _LY_REG                            
     0000FF45  _LYC_REG                           
     0000FF46  _DMA_REG                           
     0000FF47  _BGP_REG                           
     0000FF48  _OBP0_REG                          
     0000FF49  _OBP1_REG                          
ASxxxx Linker V03.00/V05.40 + sdld,  page 10.
Hexadecimal  [32-Bits]

Area                                    Addr        Size        Decimal Bytes (Attributes)
--------------------------------        ----        ----        ------- ----- ------------
.  .ABS.                            00000000    00000000 =           0. bytes (ABS,CON)

      Value  Global                              Global Defined In Module
      -----  --------------------------------   ------------------------
     0000FF4A  _WY_REG                            
     0000FF4B  _WX_REG                            
     0000FF4D  _KEY1_REG                          
     0000FF4F  _VBK_REG                           
     0000FF51  _HDMA1_REG                         
     0000FF52  _HDMA2_REG                         
     0000FF53  _HDMA3_REG                         
     0000FF54  _HDMA4_REG                         
     0000FF55  _HDMA5_REG                         
     0000FF56  _RP_REG                            
     0000FF68  _BCPS_REG                          
     0000FF69  _BCPD_REG                          
     0000FF6A  _OCPS_REG                          
     0000FF6B  _OCPD_REG                          
     0000FF70  _SVBK_REG                          
     0000FF76  _PCM12_REG                         
     0000FF77  _PCM34_REG                         
     0000FF80  .refresh_OAM                    
     0000FF80  __HRAM                             
     0000FFFF  _IE_REG                            
     00014000  s__CODE_1                       
     00024000  s__CODE_2                       
     00034000  s__CODE_3                       
     00044000  s__CODE_4                       

ASxxxx Linker V03.00/V05.40 + sdld,  page 11.
Hexadecimal  [32-Bits]

Area                                    Addr        Size        Decimal Bytes (Attributes)
--------------------------------        ----        ----        ------- ----- ------------
_CODE                               00000200    00000E52 =        3666. bytes (REL,CON)

      Value  Global                              Global Defined In Module
      -----  --------------------------------   ------------------------
     00000200  ___HandleCrash                     
     0000020A  _SIO_send_byte                     
     0000021D  _SIO_receive                       
     0000022E  _GetWinAddr                        
     00000236  _GetBkgAddr                        
     00000244  _state_init                        
     00000249  _state_update                      
     0000026B  _ui_time_masks                     
     00000273  _ui_print_shift_char               
     000002F6  _ui_draw_frame_row                 
     000002FF  .ui_draw_frame_row                 
     00000328  _script_cmds                       vm_instructions
     00000560  _save_signature                    game_signature
     00000564  _start_scene_x                     
     00000566  _start_scene_y                     
     00000568  _start_scene_dir                   
     00000569  _start_scene                       
     0000056C  _start_player_move_speed           
     0000056D  _start_player_anim_tick            
     0000056E  _ui_fonts                          
     00000571  _core_reset_hook                   main
     00000579  _main                              main
     00000581  _state_start_fns                   
     0000058A  _state_update_fns                  
     00000593  _hUGE_init                         hUGEDriver_obj
     00000595  hUGE_init                          hUGEDriver_obj
     000005EB  _hUGE_mute_channel                 hUGEDriver_obj
     000005ED  hUGE_mute_channel                  hUGEDriver_obj
     0000083B  _hUGE_set_position                 hUGEDriver_obj
     0000083D  hUGE_set_position                  hUGEDriver_obj
     00000A02  _hUGE_dosound                      hUGEDriver_obj
     00000A02  hUGE_dosound                       hUGEDriver_obj
     00000D2E  _get_vram_byte                     
     00000D36  _get_win_tile_xy                   
     00000D3E  _get_bkg_tile_xy                   
     00000D65  _hide_sprites_range                Metasprites
     00000D94  __mulsuchar                        mul
     00000D97  __muluschar                        mul
     00000DA0  __mulschar                         mul
     00000DA8  __mulint                           mul
     00000DC7  __muluchar                         mul
     00000DD9  _set_vram_byte                     
     00000DE2  _set_win_tile_xy                   
     00000DEB  _set_bkg_tile_xy                   
     00000E1A  .sgb_check                         
     00000E1A  _sgb_check                         
     00000E62  _sgb_transfer                      
     00000E67  .sgb_transfer                      
     00000EA8  .copy_vram                         
     00000EAE  _get_data                          
ASxxxx Linker V03.00/V05.40 + sdld,  page 12.
Hexadecimal  [32-Bits]

Area                                    Addr        Size        Decimal Bytes (Attributes)
--------------------------------        ----        ----        ------- ----- ------------
_CODE                               00000200    00000E52 =        3666. bytes (REL,CON)

      Value  Global                              Global Defined In Module
      -----  --------------------------------   ------------------------
     00000EAE  _set_data                          
     00000EAE  _vmemcpy                           
     00000EFC  ___move_metasprite                 Metasprites
     00000F39  ___memcpy                          
     00000F39  _memcpy                            
     00000F6B  __divsuchar                        divmod
     00000F71  __modsuchar                        divmod
     00000F7A  __divuschar                        divmod
     00000F83  __moduschar                        divmod
     00000F8F  __divschar                         divmod
     00000F94  __modschar                         divmod
     00000F9B  __divsint                          divmod
     00000FA4  __modsint                          divmod
     00000FB0  __divuchar                         divmod
     00000FB5  __moduchar                         divmod
     00000FBC  __divuint                          divmod
     00000FC5  __moduint                          divmod
     00000FD1  .div8                              divmod
     00000FD1  .mod8                              divmod
     00000FD9  .div16                             divmod
     00000FD9  .mod16                             divmod
     0000100F  .divu8                             divmod
     0000100F  .modu8                             divmod
     00001012  .divu16                            divmod
     00001012  .modu16                            divmod
ASxxxx Linker V03.00/V05.40 + sdld,  page 13.
Hexadecimal  [32-Bits]

Area                                    Addr        Size        Decimal Bytes (Attributes)
--------------------------------        ----        ----        ------- ----- ------------
_HEADER0                            00000000    00000001 =           1. bytes (ABS,CON)

      Value  Global                              Global Defined In Module
      -----  --------------------------------   ------------------------
     00000020  .call_hl                           Runtime

ASxxxx Linker V03.00/V05.40 + sdld,  page 14.
Hexadecimal  [32-Bits]

Area                                    Addr        Size        Decimal Bytes (Attributes)
--------------------------------        ----        ----        ------- ----- ------------
_HEADER1                            00000000    00000005 =           5. bytes (ABS,CON)

      Value  Global                              Global Defined In Module
      -----  --------------------------------   ------------------------
     00000028  .MemsetSmall                       Runtime

ASxxxx Linker V03.00/V05.40 + sdld,  page 15.
Hexadecimal  [32-Bits]

Area                                    Addr        Size        Decimal Bytes (Attributes)
--------------------------------        ----        ----        ------- ----- ------------
_HEADER2                            00000000    00000007 =           7. bytes (ABS,CON)

      Value  Global                              Global Defined In Module
      -----  --------------------------------   ------------------------
     00000030  .MemcpySmall                       Runtime

ASxxxx Linker V03.00/V05.40 + sdld,  page 16.
Hexadecimal  [32-Bits]

Area                                    Addr        Size        Decimal Bytes (Attributes)
--------------------------------        ----        ----        ------- ----- ------------
_HEADER3                            00000000    00000008 =           8. bytes (ABS,CON)

      Value  Global                              Global Defined In Module
      -----  --------------------------------   ------------------------
ASxxxx Linker V03.00/V05.40 + sdld,  page 17.
Hexadecimal  [32-Bits]

Area                                    Addr        Size        Decimal Bytes (Attributes)
--------------------------------        ----        ----        ------- ----- ------------
_HEADER4                            00000000    00000060 =          96. bytes (ABS,CON)

      Value  Global                              Global Defined In Module
      -----  --------------------------------   ------------------------
     00000080  .int                               Runtime
     0000008F  _wait_int_handler                  Runtime
     0000009C  __standard_VBL_handler             Runtime
     000000AB  _refresh_OAM                       Runtime
     000000CC  _set_interrupts                    Runtime

ASxxxx Linker V03.00/V05.40 + sdld,  page 18.
Hexadecimal  [32-Bits]

Area                                    Addr        Size        Decimal Bytes (Attributes)
--------------------------------        ----        ----        ------- ----- ------------
_HEADER5                            00000000    00000001 =           1. bytes (ABS,CON)

      Value  Global                              Global Defined In Module
      -----  --------------------------------   ------------------------
ASxxxx Linker V03.00/V05.40 + sdld,  page 19.
Hexadecimal  [32-Bits]

Area                                    Addr        Size        Decimal Bytes (Attributes)
--------------------------------        ----        ----        ------- ----- ------------
_HEADER6                            00000000    00000002 =           2. bytes (ABS,CON)

      Value  Global                              Global Defined In Module
      -----  --------------------------------   ------------------------
ASxxxx Linker V03.00/V05.40 + sdld,  page 20.
Hexadecimal  [32-Bits]

Area                                    Addr        Size        Decimal Bytes (Attributes)
--------------------------------        ----        ----        ------- ----- ------------
_HEADER7                            00000000    00000030 =          48. bytes (ABS,CON)

      Value  Global                              Global Defined In Module
      -----  --------------------------------   ------------------------
ASxxxx Linker V03.00/V05.40 + sdld,  page 21.
Hexadecimal  [32-Bits]

Area                                    Addr        Size        Decimal Bytes (Attributes)
--------------------------------        ----        ----        ------- ----- ------------
_HEADER8                            00000000    00000006 =           6. bytes (ABS,CON)

      Value  Global                              Global Defined In Module
      -----  --------------------------------   ------------------------
ASxxxx Linker V03.00/V05.40 + sdld,  page 22.
Hexadecimal  [32-Bits]

Area                                    Addr        Size        Decimal Bytes (Attributes)
--------------------------------        ----        ----        ------- ----- ------------
_HEADER9                            00000000    00000003 =           3. bytes (ABS,CON)

      Value  Global                              Global Defined In Module
      -----  --------------------------------   ------------------------
ASxxxx Linker V03.00/V05.40 + sdld,  page 23.
Hexadecimal  [32-Bits]

Area                                    Addr        Size        Decimal Bytes (Attributes)
--------------------------------        ----        ----        ------- ----- ------------
_HEADERa                            00000000    00000001 =           1. bytes (ABS,CON)

      Value  Global                              Global Defined In Module
      -----  --------------------------------   ------------------------
ASxxxx Linker V03.00/V05.40 + sdld,  page 24.
Hexadecimal  [32-Bits]

Area                                    Addr        Size        Decimal Bytes (Attributes)
--------------------------------        ----        ----        ------- ----- ------------
_HEADERb                            00000000    00000001 =           1. bytes (ABS,CON)

      Value  Global                              Global Defined In Module
      -----  --------------------------------   ------------------------
ASxxxx Linker V03.00/V05.40 + sdld,  page 25.
Hexadecimal  [32-Bits]

Area                                    Addr        Size        Decimal Bytes (Attributes)
--------------------------------        ----        ----        ------- ----- ------------
_HEADERc                            00000000    00000001 =           1. bytes (ABS,CON)

      Value  Global                              Global Defined In Module
      -----  --------------------------------   ------------------------
ASxxxx Linker V03.00/V05.40 + sdld,  page 26.
Hexadecimal  [32-Bits]

Area                                    Addr        Size        Decimal Bytes (Attributes)
--------------------------------        ----        ----        ------- ----- ------------
_HEADERd                            00000000    00000002 =           2. bytes (ABS,CON)

      Value  Global                              Global Defined In Module
      -----  --------------------------------   ------------------------
ASxxxx Linker V03.00/V05.40 + sdld,  page 27.
Hexadecimal  [32-Bits]

Area                                    Addr        Size        Decimal Bytes (Attributes)
--------------------------------        ----        ----        ------- ----- ------------
_HEADERe                            00000000    00000001 =           1. bytes (ABS,CON)

      Value  Global                              Global Defined In Module
      -----  --------------------------------   ------------------------
ASxxxx Linker V03.00/V05.40 + sdld,  page 28.
Hexadecimal  [32-Bits]

Area                                    Addr        Size        Decimal Bytes (Attributes)
--------------------------------        ----        ----        ------- ----- ------------
_HEADERf                            00000000    00000001 =           1. bytes (ABS,CON)

      Value  Global                              Global Defined In Module
      -----  --------------------------------   ------------------------
ASxxxx Linker V03.00/V05.40 + sdld,  page 29.
Hexadecimal  [32-Bits]

Area                                    Addr        Size        Decimal Bytes (Attributes)
--------------------------------        ----        ----        ------- ----- ------------
_HEADER10                           00000000    00000002 =           2. bytes (ABS,CON)

      Value  Global                              Global Defined In Module
      -----  --------------------------------   ------------------------
ASxxxx Linker V03.00/V05.40 + sdld,  page 30.
Hexadecimal  [32-Bits]

Area                                    Addr        Size        Decimal Bytes (Attributes)
--------------------------------        ----        ----        ------- ----- ------------
_HEADER11                           00000000    000000AB =         171. bytes (ABS,CON)

      Value  Global                              Global Defined In Module
      -----  --------------------------------   ------------------------
     00000150  .reset                             Runtime
     00000150  _reset                             Runtime
     00000157  .code_start                        Runtime
     000001B9  _exit                              Runtime
     000001BD  .wait_vbl_done                     Runtime
     000001BD  _vsync                             Runtime
     000001BD  _wait_vbl_done                     Runtime
     000001CD  .remove_VBL                        Runtime
     000001CD  _remove_VBL                        Runtime
     000001D0  .remove_int                        Runtime
     000001ED  .add_VBL                           Runtime
     000001ED  _add_VBL                           Runtime
     000001F0  .add_int                           Runtime

ASxxxx Linker V03.00/V05.40 + sdld,  page 31.
Hexadecimal  [32-Bits]

Area                                    Addr        Size        Decimal Bytes (Attributes)
--------------------------------        ----        ----        ------- ----- ------------
_HOME                               00001052    00002C6D =       11373. bytes (REL,CON)

      Value  Global                              Global Defined In Module
      -----  --------------------------------   ------------------------
     00001052  .memset_simple                     Runtime
     0000105B  .memcpy_simple                     Runtime
     00001078  .display_off                       Runtime
     00001078  _display_off                       Runtime
     00001090  _actors_update                     actor
     000014EA  _SetBankedBkgData                  bankdata
     00001506  _SetBankedSpriteData               bankdata
     00001522  _SetBankedBkgTiles                 bankdata
     0000153E  _SetBankedWinTiles                 bankdata
     0000155A  _ReadBankedFarPtr                  bankdata
     0000157C  _ReadBankedUWORD                   bankdata
     00001596  _MemcpyBanked                      bankdata
     000015B8  _MemcpyVRAMBanked                  bankdata
     000015E7  _IndexOfFarPtr                     bankdata
     0000166C  _camera_update                     camera
     0000179F  _load_animations                   data_manager
     000017F8  _events_update                     events
     000018CB  _timers_update                     events
     00001954  _input_update                      input
     00001977  .sio_ISR                           
     000019D1  .timer_ISR                         
     000019E6  _simple_LCD_isr                    interrupts
     00001A65  _fullscreen_LCD_isr                interrupts
     00001A91  _VBL_isr                           interrupts
     00001ADB  _isqrt                             math
     00001B38  _sine_wave                         math
     00001C38  _dir_lookup                        math
     00001C40  _dir_angle_lookup                  math
     00001C44  _hUGETrackerRoutine                music_manager
     00001C6B  _music_events_update               music_manager
     00001CED  _music_play_isr                    music_manager
     00001D8E  _parallax_LCD_isr                  parallax
     00001DCB  _projectiles_update                projectiles
     0000224C  _projectiles_render                projectiles
     000023A1  _scroll_load_pending_row           scroll
     000023EF  _scroll_load_row                   scroll
     0000242F  _scroll_load_col                   scroll
     00002464  _scroll_load_pending_col           scroll
     000024B3  _set_bkg_submap                    
     000024F6  _set_xy_win_submap                 
     00002523  .set_xy_win_submap                 
     0000252C  .set_xy_bkg_submap                 
     0000253B  .set_xy_submap                     
     00002587  _sfx_play_isr                      sfx_player
     00002660  _on_SIO_receive                    sio
     000026A1  _SIO_update                        sio
     00002708  _ui_update                         ui
     00002840  _vm_sgb_transfer                   vm_sgb
     0000288D  _vm_load_text                      vm_ui
     00002AE3  _vm_switch                         vm
ASxxxx Linker V03.00/V05.40 + sdld,  page 32.
Hexadecimal  [32-Bits]

Area                                    Addr        Size        Decimal Bytes (Attributes)
--------------------------------        ----        ----        ------- ----- ------------
_HOME                               00001052    00002C6D =       11373. bytes (REL,CON)

      Value  Global                              Global Defined In Module
      -----  --------------------------------   ------------------------
     00002C14  _vm_beginthread                    vm
     00002D38  _vm_rpn                            vm
     00003750  _vm_get_far                        vm
     000037BE  _vm_call_native                    vm
     000037D1  _VM_STEP                           vm
     0000383B  _script_runner_update              vm
     000039A0  _fill_win_rect                     
     000039B2  _rand                              
     000039B2  _randw                             
     000039DD  _initrand                          
     000039DF  .initrand                          
     000039E8  _get_bkg_data                      
     000039E8  _get_win_data                      
     00003A35  _get_sprite_data                   
     00003A68  _abs                               abs
     00003A75  _set_win_tiles                     
     00003A89  _set_tile_data                     
     00003A8E  _set_bkg_data                      
     00003A8E  _set_win_data                      
     00003A96  _set_sprite_data                   
     00003AC6  _reverse                           reverse
     00003AFA  ___call__banked                    far_ptr
     00003B17  _to_far_ptr                        far_ptr
     00003B4D  .add_LCD                           
     00003B4D  _add_LCD                           
     00003B53  .remove_LCD                        
     00003B53  _remove_LCD                        
     00003B59  .fill_rect_wtt                     
     00003B62  .fill_rect_btt                     
     00003BAF  _fill_bkg_rect                     
     00003BC1  .padup                             
     00003BC1  _waitpadup                         
     00003BD1  .jpad                              
     00003BD1  _joypad                            
     00003BF9  _waitpad                           
     00003BFA  .wait_pad                          
     00003C01  ___sdcc_call_hl                    call_hl
     00003C02  _memset                            memset
     00003C35  .set_xy_wtt                        SetTileMap
     00003C3E  .set_xy_btt                        SetTileMap
     00003C4D  .set_xy_tt                         SetTileMap
     00003C91  ___sdcc_bcall_ehl                  
     00003CAB  _set_bkg_tiles                     
ASxxxx Linker V03.00/V05.40 + sdld,  page 33.
Hexadecimal  [32-Bits]

Area                                    Addr        Size        Decimal Bytes (Attributes)
--------------------------------        ----        ----        ------- ----- ------------
_INITIALIZER                        00003CBF    00000019 =          25. bytes (REL,CON)

      Value  Global                              Global Defined In Module
      -----  --------------------------------   ------------------------
ASxxxx Linker V03.00/V05.40 + sdld,  page 34.
Hexadecimal  [32-Bits]

Area                                    Addr        Size        Decimal Bytes (Attributes)
--------------------------------        ----        ----        ------- ----- ------------
_GSINIT                             00003CD8    00000027 =          39. bytes (REL,CON)

      Value  Global                              Global Defined In Module
      -----  --------------------------------   ------------------------
     00003CD8  gsinit                             Runtime

ASxxxx Linker V03.00/V05.40 + sdld,  page 35.
Hexadecimal  [32-Bits]

Area                                    Addr        Size        Decimal Bytes (Attributes)
--------------------------------        ----        ----        ------- ----- ------------
_GSFINAL                            00003CFF    00000001 =           1. bytes (REL,CON)

      Value  Global                              Global Defined In Module
      -----  --------------------------------   ------------------------
ASxxxx Linker V03.00/V05.40 + sdld,  page 36.
Hexadecimal  [32-Bits]

Area                                    Addr        Size        Decimal Bytes (Attributes)
--------------------------------        ----        ----        ------- ----- ------------
_DATA                               0000C0A0    00001971 =        6513. bytes (REL,CON)

      Value  Global                              Global Defined In Module
      -----  --------------------------------   ------------------------
     0000C0A0  __cpu                              Runtime
     0000C0A1  __is_GBA                           Runtime
     0000C0A2  .mode                              Runtime
     0000C0A3  .sys_time                          Runtime
     0000C0A3  _sys_time                          Runtime
     0000C0A5  .int_0x40                          Runtime
     0000C0B1  _actors                            actor
     0000C4F5  _actors_active_head                actor
     0000C4F7  _actors_active_tail                actor
     0000C4F9  _actors_inactive_head              actor
     0000C4FB  _screen_x                          actor
     0000C4FC  _screen_y                          actor
     0000C4FD  _invalid                           actor
     0000C4FF  _player_moving                     actor
     0000C500  _player_iframes                    actor
     0000C501  _player_collision_actor            actor
     0000C503  _emote_actor                       actor
     0000C505  _emote_timer                       actor
     0000C506  _allocated_sprite_tiles            actor
     0000C507  _allocated_hardware_sprites        actor
     0000C514  _camera_x                          camera
     0000C516  _camera_y                          camera
     0000C518  _camera_offset_x                   camera
     0000C519  _camera_offset_y                   camera
     0000C51A  _camera_deadzone_x                 camera
     0000C51B  _camera_deadzone_y                 camera
     0000C51C  _camera_settings                   camera
     0000C520  _current_scene                     data_manager
     0000C523  _image_bank                        data_manager
     0000C524  _image_ptr                         data_manager
     0000C526  _image_attr_bank                   data_manager
     0000C527  _image_attr_ptr                    data_manager
     0000C529  _collision_bank                    data_manager
     0000C52A  _collision_ptr                     data_manager
     0000C52C  _image_tile_width                  data_manager
     0000C52D  _image_tile_height                 data_manager
     0000C52E  _image_width                       data_manager
     0000C530  _image_height                      data_manager
     0000C532  _sprites_len                       data_manager
     0000C533  _actors_len                        data_manager
     0000C534  _projectiles_len                   data_manager
     0000C535  _player_sprite_len                 data_manager
     0000C536  _scene_type                        data_manager
     0000C537  _scene_LCD_type                    data_manager
     0000C538  _scene_stack                       data_manager
     0000C578  _scene_stack_ptr                   data_manager
     0000C57A  _scene_sprites_base_tiles          data_manager
     0000C5BA  _input_events                      events
     0000C5E2  _input_slots                       events
     0000C5EA  _timer_events                      events
ASxxxx Linker V03.00/V05.40 + sdld,  page 37.
Hexadecimal  [32-Bits]

Area                                    Addr        Size        Decimal Bytes (Attributes)
--------------------------------        ----        ----        ------- ----- ------------
_DATA                               0000C0A0    00001971 =        6513. bytes (REL,CON)

      Value  Global                              Global Defined In Module
      -----  --------------------------------   ------------------------
     0000C5FE  _timer_values                      events
     0000C606  _fade_running                      fade_manager
     0000C607  _fade_frames_per_step              fade_manager
     0000C608  _fade_timer                        fade_manager
     0000C610  _joypads                           input
     0000C615  _frame_joy                         input
     0000C616  _last_joy                          input
     0000C617  _recent_joy                        input
     0000C618  _SIO_status                        
     0000C619  _link_byte_sent                    
     0000C61A  _link_next_mode                    
     0000C61B  _save_blob_size                    load_save
     0000C61D  _routine_queue                     music_manager
     0000C621  _routine_queue_head                music_manager
     0000C622  _routine_queue_tail                music_manager
     0000C623  _music_events                      music_manager
     0000C637  _music_current_track_bank          music_manager
     0000C638  _music_mute_mask                   music_manager
     0000C639  _music_effective_mute              music_manager
     0000C63A  _music_next_track                  music_manager
     0000C63C  _music_current_track               music_manager
     0000C63E  _music_play_isr_counter            music_manager
     0000C63F  _music_play_isr_pause              music_manager
     0000C640  _music_global_mute_mask            music_manager
     0000C641  _music_sfx_priority                music_manager
     0000C642  _DMG_palette                       palette
     0000C645  _SprPalette                        palette
     0000C685  _parallax_rows                     parallax
     0000C697  _parallax_row                      parallax
     0000C699  _projectiles                       projectiles
     0000C752  _projectile_defs                   projectiles
     0000C7C5  _projectiles_active_head           projectiles
     0000C7C7  _projectiles_inactive_head         projectiles
     0000C7CE  _scroll_x                          scroll
     0000C7D0  _scroll_y                          scroll
     0000C7D2  _draw_scroll_x                     scroll
     0000C7D4  _draw_scroll_y                     scroll
     0000C7D6  _scroll_x_max                      scroll
     0000C7D8  _scroll_y_max                      scroll
     0000C7DA  _scroll_offset_x                   scroll
     0000C7DB  _scroll_offset_y                   scroll
     0000C7DC  _pending_h_x                       scroll
     0000C7DD  _pending_h_y                       scroll
     0000C7DE  _pending_h_i                       scroll
     0000C7DF  _pending_w_x                       scroll
     0000C7E0  _pending_w_y                       scroll
     0000C7E1  _pending_w_i                       scroll
     0000C7E2  _current_row                       scroll
     0000C7E4  _new_row                           scroll
     0000C7E6  _current_col                       scroll
     0000C7E8  _new_col                           scroll
ASxxxx Linker V03.00/V05.40 + sdld,  page 38.
Hexadecimal  [32-Bits]

Area                                    Addr        Size        Decimal Bytes (Attributes)
--------------------------------        ----        ----        ------- ----- ------------
_DATA                               0000C0A0    00001971 =        6513. bytes (REL,CON)

      Value  Global                              Global Defined In Module
      -----  --------------------------------   ------------------------
     0000C7EA  .image_tile_width                  
     0000C7EB  _sfx_play_bank                     sfx_player
     0000C7EC  _sfx_play_sample                   sfx_player
     0000C7EE  _sfx_frame_skip                    sfx_player
     0000C7EF  _link_operation_mode               sio
     0000C7F0  _link_packet                       sio
     0000C810  _link_packet_len                   sio
     0000C811  _link_packet_ptr                   sio
     0000C813  _link_packet_received              sio
     0000C814  _link_packet_snd_len               sio
     0000C815  _link_packet_snd_ptr               sio
     0000C817  _link_packet_sent                  sio
     0000C818  __is_CGB                           system
     0000C819  __is_SGB                           system
     0000C81A  __current_ram_bank                 system
     0000C81B  _triggers                          trigger
     0000C913  _last_trigger_tx                   trigger
     0000C914  _last_trigger_ty                   trigger
     0000C915  _last_trigger                      trigger
     0000C916  _win_pos_x                         ui
     0000C917  _win_dest_pos_x                    ui
     0000C918  _win_pos_y                         ui
     0000C919  _win_dest_pos_y                    ui
     0000C91A  _win_speed                         ui
     0000C91B  _text_drawn                        ui
     0000C91C  _current_text_speed                ui
     0000C91D  _text_options                      ui
     0000C91E  _text_in_speed                     ui
     0000C91F  _text_out_speed                    ui
     0000C920  _text_draw_speed                   ui
     0000C921  _text_ff_joypad                    ui
     0000C922  _text_ff                           ui
     0000C923  _text_bkg_fill                     ui
     0000C924  _ui_text_data                      ui
     0000CA2E  _vwf_current_mask                  ui
     0000CA2F  _vwf_current_rotate                ui
     0000CA30  _vwf_inverse_map                   ui
     0000CA31  _vwf_direction                     ui
     0000CA32  _vwf_current_font_desc             ui
     0000CA3A  _vwf_current_font_bank             ui
     0000CA3B  _vwf_current_font_idx              ui
     0000CA3C  _text_render_base_addr             ui
     0000CA3E  _text_scroll_addr                  ui
     0000CA40  _text_scroll_width                 ui
     0000CA41  _text_scroll_height                ui
     0000CA42  _text_scroll_fill                  ui
     0000CA43  _text_sound_mask                   ui
     0000CA44  _text_sound_bank                   ui
     0000CA45  _text_sound_data                   ui
     0000CA47  _overlay_priority                  ui
     0000CA48  _text_palette                      ui
ASxxxx Linker V03.00/V05.40 + sdld,  page 39.
Hexadecimal  [32-Bits]

Area                                    Addr        Size        Decimal Bytes (Attributes)
--------------------------------        ----        ----        ------- ----- ------------
_DATA                               0000C0A0    00001971 =        6513. bytes (REL,CON)

      Value  Global                              Global Defined In Module
      -----  --------------------------------   ------------------------
     0000CA4F  __itoa_fmt_len                     vm_ui_a
     0000CA50  .itoa_fmt_buf                      vm_ui_a
     0000CA53  _CTXS                              vm
     0000CB83  _first_ctx                         vm
     0000CB85  _free_ctxs                         vm
     0000CB87  _old_executing_ctx                 vm
     0000CB89  _executing_ctx                     vm
     0000CB8B  _vm_lock_state                     vm
     0000CB8C  _vm_loaded_state                   vm
     0000CB8D  _vm_exception_code                 vm
     0000CB8E  _vm_exception_params_length        vm
     0000CB8F  _vm_exception_params_bank          vm
     0000CB90  _vm_exception_params_offset        vm
     0000CB94  _script_memory                     vm
     0000D99A  _topdown_grid                      topdown
     0000D99B  ___rand_seed                       
     0000D9B9  _hUGE_current_wave                 hUGEDriver_obj
     0000D9B9  hUGE_current_wave                  hUGEDriver_obj
     0000D9BA  _hUGE_mute_mask                    hUGEDriver_obj
     0000DA01  ___call_banked_addr                far_ptr
     0000DA01  ___call_banked_ptr                 far_ptr
     0000DA03  ___call_banked_bank                far_ptr
     0000DA05  .int_0x48                          
     0000DA0D  ___current_metasprite              Metasprites
     0000DA0F  ___current_base_tile               Metasprites
     0000DA10  ___current_base_prop               Metasprites

ASxxxx Linker V03.00/V05.40 + sdld,  page 40.
Hexadecimal  [32-Bits]

Area                                    Addr        Size        Decimal Bytes (Attributes)
--------------------------------        ----        ----        ------- ----- ------------
_INITIALIZED                        0000DA11    00000019 =          25. bytes (REL,CON)

      Value  Global                              Global Defined In Module
      -----  --------------------------------   ------------------------
     0000DA11  _fade_style                        fade_manager
     0000DA12  _game_time                         game_time
     0000DA13  _PRN_PKT_START                     gbprinter
     0000DA21  _hide_sprites                      interrupts
     0000DA22  _show_actors_on_overlay            interrupts
     0000DA23  _overlay_cut_scanline              interrupts
     0000DA24  __submap_tile_offset               
     0000DA25  _triggers_len                      trigger
     0000DA26  _exchange_state                    vm_sio
     0000DA27  _last_hit_trigger                  pointnclick
     0000DA28  ___render_shadow_OAM               Metasprites
     0000DA29  __map_tile_offset                  SetTileMap
ASxxxx Linker V03.00/V05.40 + sdld,  page 41.
Hexadecimal  [32-Bits]

Area                                    Addr        Size        Decimal Bytes (Attributes)
--------------------------------        ----        ----        ------- ----- ------------
_HRAM12                             00000000    00000003 =           3. bytes (ABS,CON)

      Value  Global                              Global Defined In Module
      -----  --------------------------------   ------------------------
     0000FF90  __current_bank                     Runtime
     0000FF92  __shadow_OAM_base                  Runtime

ASxxxx Linker V03.00/V05.40 + sdld,  page 42.
Hexadecimal  [32-Bits]

Area                                    Addr        Size        Decimal Bytes (Attributes)
--------------------------------        ----        ----        ------- ----- ------------
_CODE_1                             00014000    00003FFE =       16382. bytes (REL,CON)

      Value  Global                              Global Defined In Module
      -----  --------------------------------   ------------------------
     00014000  ___func_ACTOR                      actor
     00014000  _actors_init                       actor
     0001403A  _emote_offsets                     actor
     00014049  _emote_metasprite                  actor
     00014055  _player_init                       actor
     0001407B  _deactivate_actor                  actor
     000141DC  _activate_actor                    actor
     0001431B  _activate_actors_in_row            actor
     00014412  _activate_actors_in_col            actor
     00014563  _actor_set_frames                  actor
     000145B9  _actor_set_frame_offset            actor
     000145F4  _actor_get_frame_offset            actor
     00014606  _actor_set_anim_idle               actor
     00014634  _actor_set_anim_moving             actor
     00014665  _actor_set_dir                     actor
     000146CA  _actor_at_tile                     actor
     0001479E  _actor_in_front_of_player          actor
     00014852  _actor_overlapping_player          actor
     00014A61  _actor_overlapping_bb              actor
     00014CDF  _actors_handle_player_collision    actor
     00014D6B  _check_collision_in_direction      actor
     00015589  _remove_LCD_ISRs                   interrupts
     000155A4  _ui_swap_tiles                     
     000155EE  _ui_print_make_mask_lr             
     0001560A  _ui_print_make_mask_rl             
     00015626  _ui_init                           ui
     000156ED  _ui_load_tiles                     ui
     00015744  _ui_draw_frame                     ui
     000157B4  _ui_print_reset                    ui
     000157E8  _ui_set_start_tile                 ui
     00015814  _ui_print_render                   ui
     000159F5  _ui_draw_text_buffer_char          ui
     00015E32  _ui_run_menu                       ui
     00015FAC  _ui_run_modal                      ui
     00016066  ___func_VM_GBPRINTER               vm_gbprinter
     00016066  _vm_print_detect                   vm_gbprinter
     000160B5  _vm_print_overlay                  vm_gbprinter
     0001610A  ___func_VM_SGB                     vm_sgb
     0001610A  ___func_bg_tvbg_tileset            bg_tvbg_tileset
     0001610A  _bg_tvbg_tileset                   bg_tvbg_tileset
     0001697C  ___func_bg_yousnoozebg2_tileset    bg_yousnoozebg2_tileset
     0001697C  _bg_yousnoozebg2_tileset           bg_yousnoozebg2_tileset
ASxxxx Linker V03.00/V05.40 + sdld,  page 43.
Hexadecimal  [32-Bits]

Area                                    Addr        Size        Decimal Bytes (Attributes)
--------------------------------        ----        ----        ------- ----- ------------
_CODE_4                             00044000    00003BD1 =       15313. bytes (REL,CON)

      Value  Global                              Global Defined In Module
      -----  --------------------------------   ------------------------
     00044000  _bootstrap_script                  
     0004400B  _camera_init                       camera
     00044031  ___HandleCrash_banked              
     00044399  _events_init                       events
     000443D9  _timers_init                       events
     00044419  _DMGFadeToWhiteStep                fade_manager
     0004443A  _DMGFadeToBlackStep                fade_manager
     0004445D  _ApplyPaletteChangeDMG             fade_manager
     000444B3  _fade_speeds                       fade_manager
     000444BA  _fade_init                         fade_manager
     000444D0  _fade_in                           fade_manager
     000444F2  _fade_out                          fade_manager
     00044516  _fade_update                       fade_manager
     0004455D  _fade_applypalettechange           fade_manager
     00044563  _fade_setspeed                     fade_manager
     00044573  _fade_in_modal                     fade_manager
     0004458D  _fade_out_modal                    fade_manager
     0004460F  _save_sram_banks                   
     00044697  _erase_flash                       
     000446AD  _printer_send_receive              gbprinter
     000446E3  _printer_send_byte                 gbprinter
     000446F6  _printer_send_command              gbprinter
     00044719  _printer_print_tile                gbprinter
     000447AA  _printer_wait                      gbprinter
     000447DC  _gbprinter_detect                  gbprinter
     000447F6  _gbprinter_print_overlay           gbprinter
     000449BB  _input_init                        input
     000449E1  _atan2                             math_atan2
     00044B7A  _atan2_table                       math_atan2
     00044CE2  _music_init_driver                 music_manager
     00044D3E  _music_init_events                 music_manager
     00044D7A  _music_events_poll                 music_manager
     00044DA2  _music_pause                       music_manager
     00044DC4  _palette_init                      palette
     00044DD2  _parallax_init                     parallax
     00044DF2  _scroll_rect                       
     00044E2F  _set_sgb_border                    sgb_border
     00045019  _SIO_init                          sio
     00045042  ___func_VM_LOAD_SAVE               vm_load_save
     00045042  _vm_save_clear                     vm_load_save
     00045051  _vm_save_peek                      vm_load_save
     000450D3  ___func_VM_MATH                    vm_math
     000450D3  _vm_sin_scale                      vm_math
     0004516F  _vm_cos_scale                      vm_math
     0004520D  ___func_VM_MUSIC                   vm_music
     0004520D  _vm_music_play                     vm_music
     0004525A  _vm_music_stop                     vm_music
     0004527C  _vm_music_mute                     vm_music
     000452BA  _vm_music_routine                  vm_music
     000452E1  _vm_music_setpos                   vm_music
ASxxxx Linker V03.00/V05.40 + sdld,  page 44.
Hexadecimal  [32-Bits]

Area                                    Addr        Size        Decimal Bytes (Attributes)
--------------------------------        ----        ----        ------- ----- ------------
_CODE_4                             00044000    00003BD1 =       15313. bytes (REL,CON)

      Value  Global                              Global Defined In Module
      -----  --------------------------------   ------------------------
     000452E7  _vm_sound_mastervol                vm_music
     000452ED  _vm_sfx_play                       vm_music
     00045360  ___func_VM_PALETTE                 vm_palette
     00045360  _vm_load_palette                   vm_palette
     000454B4  ___func_VM_PROJECTILE              vm_projectiles
     000454B4  _vm_projectile_launch              vm_projectiles
     000454F5  _vm_projectile_load_type           vm_projectiles
     00045587  ___func_VM_RTC                     vm_rtc
     00045587  _vm_rtc_latch                      vm_rtc
     0004558F  _vm_rtc_get                        vm_rtc
     000455F6  _vm_rtc_set                        vm_rtc
     00045654  _vm_rtc_start                      vm_rtc
     00045677  ___func_VM_SCENE                   vm_scene
     00045677  _vm_scene_push                     vm_scene
     000456ED  _vm_scene_pop                      vm_scene
     000456FB  _vm_scene_pop_all                  vm_scene
     00045706  _vm_scene_stack_reset              vm_scene
     0004570F  ___func_VM_SIO                     vm_sio
     0004570F  _vm_sio_set_mode                   vm_sio
     00045721  _vm_sio_exchange                   vm_sio
     00045A03  _itoa_fmt                          vm_ui_a
     00045A37  .utoa_fmt                          vm_ui_a
     00045AE1  ___func_bg_tvbg_tilemap            bg_tvbg_tilemap
     00045AE1  _bg_tvbg_tilemap                   bg_tvbg_tilemap
     00045C49  ___func_bg_tvbg                    bg_tvbg
     00045C49  _bg_tvbg                           bg_tvbg
     00045C57  ___func_bg_tvbg01_tilemap          bg_tvbg01_tilemap
     00045C57  _bg_tvbg01_tilemap                 bg_tvbg01_tilemap
     00045DBF  ___func_bg_tvbg01                  bg_tvbg01
     00045DBF  _bg_tvbg01                         bg_tvbg01
     00045DCD  ___func_bg_tvbg02_tilemap          bg_tvbg02_tilemap
     00045DCD  _bg_tvbg02_tilemap                 bg_tvbg02_tilemap
     00045F35  ___func_bg_tvbg02                  bg_tvbg02
     00045F35  _bg_tvbg02                         bg_tvbg02
     00045F43  ___func_bg_tvbg03_tilemap          bg_tvbg03_tilemap
     00045F43  _bg_tvbg03_tilemap                 bg_tvbg03_tilemap
     000460AB  ___func_bg_tvbg03                  bg_tvbg03
     000460AB  _bg_tvbg03                         bg_tvbg03
     000460B9  ___func_bg_tvbg04_tilemap          bg_tvbg04_tilemap
     000460B9  _bg_tvbg04_tilemap                 bg_tvbg04_tilemap
     00046221  ___func_bg_tvbg04_tileset          bg_tvbg04_tileset
     00046221  _bg_tvbg04_tileset                 bg_tvbg04_tileset
     00046373  ___func_bg_tvbg04                  bg_tvbg04
     00046373  _bg_tvbg04                         bg_tvbg04
     00046381  ___func_bg_tvbg05_tilemap          bg_tvbg05_tilemap
     00046381  _bg_tvbg05_tilemap                 bg_tvbg05_tilemap
     000464E9  ___func_bg_tvbg05_tileset          bg_tvbg05_tileset
     000464E9  _bg_tvbg05_tileset                 bg_tvbg05_tileset
     000464FB  ___func_bg_tvbg05                  bg_tvbg05
     000464FB  _bg_tvbg05                         bg_tvbg05
     00046509  ___func_bg_yousnoozebg_tilemap     bg_yousnoozebg_tilemap
ASxxxx Linker V03.00/V05.40 + sdld,  page 45.
Hexadecimal  [32-Bits]

Area                                    Addr        Size        Decimal Bytes (Attributes)
--------------------------------        ----        ----        ------- ----- ------------
_CODE_4                             00044000    00003BD1 =       15313. bytes (REL,CON)

      Value  Global                              Global Defined In Module
      -----  --------------------------------   ------------------------
     00046509  _bg_yousnoozebg_tilemap            bg_yousnoozebg_tilemap
     00046671  ___func_bg_yousnoozebg             bg_yousnoozebg
     00046671  _bg_yousnoozebg                    bg_yousnoozebg
     0004667F  ___func_bg_yousnoozebg2_tilemap    bg_yousnoozebg2_tilemap
     0004667F  _bg_yousnoozebg2_tilemap           bg_yousnoozebg2_tilemap
     000467E7  ___func_bg_yousnoozebg2            bg_yousnoozebg2
     000467E7  _bg_yousnoozebg2                   bg_yousnoozebg2
     000467F5  ___func_cursor_image               cursor_image
     000467F5  _cursor_image                      cursor_image
     00046805  ___func_frame_image                frame_image
     00046805  _frame_image                       frame_image
     00046895  ___func_scene_1_collisions         scene_1_collisions
     00046895  _scene_1_collisions                scene_1_collisions
     000469FD  _scene_1_init                      scene_1_init
     00046A00  GBVM$scene_1_init$autofade$6e752   scene_1_init
     00046A0B  GBVM$scene_1_init$1e698554_b890_   scene_1_init
[...]
     00035FBF  _vm_load_tileset                   vm_gameboy
     0003602C  ___func_bg_tvbg01_tileset          bg_tvbg01_tileset
     0003602C  _bg_tvbg01_tileset                 bg_tvbg01_tileset
     000367EE  ___func_bg_tvbg02_tileset          bg_tvbg02_tileset
     000367EE  _bg_tvbg02_tileset                 bg_tvbg02_tileset
     00036DD0  ___func_bg_tvbg03_tileset          bg_tvbg03_tileset
     00036DD0  _bg_tvbg03_tileset                 bg_tvbg03_tileset
     00037182  ___func_bg_yousnoozebg_tileset     bg_yousnoozebg_tileset
     00037182  _bg_yousnoozebg_tileset            bg_yousnoozebg_tileset
     000375B4  ___func_palette_0                  palette_0
     000375B4  _palette_0                         palette_0
     000375B7  ___func_palette_1                  palette_1
     000375B7  _palette_1                         palette_1
     000375BA  _pointnclick_init                  pointnclick
     000375F3  _pointnclick_update                pointnclick
     0003793A  _topdown_init                      topdown
     000379D6  _topdown_update                    topdown

ASxxxx Linker V03.00/V05.40 + sdld,  page 50.
Hexadecimal  [32-Bits]

Area                                    Addr        Size        Decimal Bytes (Attributes)
--------------------------------        ----        ----        ------- ----- ------------
_CRASH_HEADER0                      00000000    00000005 =           5. bytes (ABS,CON)

      Value  Global                              Global Defined In Module
      -----  --------------------------------   ------------------------
ASxxxx Linker V03.00/V05.40 + sdld,  page 51.
Hexadecimal  [32-Bits]

Area                                    Addr        Size        Decimal Bytes (Attributes)
--------------------------------        ----        ----        ------- ----- ------------
_CRASH_HEADER1                      00000000    00000004 =           4. bytes (ABS,CON)

      Value  Global                              Global Defined In Module
      -----  --------------------------------   ------------------------
ASxxxx Linker V03.00/V05.40 + sdld,  page 52.
Hexadecimal  [32-Bits]

Area                                    Addr        Size        Decimal Bytes (Attributes)
--------------------------------        ----        ----        ------- ----- ------------
_CRASH_SCRATCH2                     00000000    000001CB =         459. bytes (ABS,CON)

      Value  Global                              Global Defined In Module
      -----  --------------------------------   ------------------------
ASxxxx Linker V03.00/V05.40 + sdld,  page 53.
Hexadecimal  [32-Bits]

Area                                    Addr        Size        Decimal Bytes (Attributes)
--------------------------------        ----        ----        ------- ----- ------------
_CODE_2                             00024000    00003FFE =       16382. bytes (REL,CON)

      Value  Global                              Global Defined In Module
      -----  --------------------------------   ------------------------
     00024000  _load_init                         data_manager
     00024013  _spritesheet_none_far              data_manager
     00024016  _load_bkg_tileset                  data_manager
     000240F3  _load_background                   data_manager
     00024191  _load_sprite                       data_manager
     000241E4  _load_bounds                       data_manager
     00024201  _do_load_palette                   data_manager
     00024286  _load_scene                        data_manager
     000248EC  _load_player                       data_manager
     00024935  _load_emote                        data_manager
     0002494E  ___func_VM_ACTOR                   vm_actor
     0002494E  _vm_actor_move_to                  vm_actor
     00025394  _vm_actor_move_cancel              vm_actor
     000253CA  _vm_actor_activate                 vm_actor
     0002541B  _vm_actor_deactivate               vm_actor
     0002546C  _vm_actor_begin_update             vm_actor
     000254F3  _vm_actor_terminate_update         vm_actor
     0002553A  _vm_actor_set_dir                  vm_actor
     00025583  _vm_actor_set_anim                 vm_actor
     00025611  _vm_actor_set_pos                  vm_actor
     0002568B  _vm_actor_get_pos                  vm_actor
     000256FA  _vm_actor_get_dir                  vm_actor
     00025774  _vm_actor_get_angle                vm_actor
     000257F5  _vm_actor_emote                    vm_actor
     000258B9  _vm_actor_set_bounds               vm_actor
     00025917  _vm_actor_set_spritesheet          vm_actor
     000259E1  _vm_actor_replace_tile             vm_actor
     00025A4C  _vm_actor_set_anim_tick            vm_actor
     00025A8A  _vm_actor_set_move_speed           vm_actor
     00025AC8  _vm_actor_set_anim_frame           vm_actor
     00025B0C  _vm_actor_get_anim_frame           vm_actor
     00025B56  _vm_actor_set_anim_set             vm_actor
     00025BDE  _vm_actor_set_spritesheet_by_ref   vm_actor
     00025CEB  _vm_actor_set_flags                vm_actor
     00025D99  ___func_VM_UI                      vm_ui
     00025D99  _vm_display_text                   vm_ui
     00025DC7  _vm_switch_text_layer              vm_ui
     00025DE1  _vm_overlay_setpos                 vm_ui
     00025DFB  _vm_overlay_wait                   vm_ui
     00025E8B  _vm_overlay_move_to                vm_ui
     00025ECF  _vm_overlay_set_scroll             vm_ui
     00025F08  _vm_overlay_clear                  vm_ui
     00025FA8  _vm_overlay_show                   vm_ui
     00025FF6  _vm_choice                         vm_ui
     00026111  _vm_set_font                       vm_ui
     00026140  _vm_overlay_scroll                 vm_ui
     00026177  _vm_overlay_set_submap             vm_ui
     000261B0  _vm_overlay_set_submap_ex          vm_ui
     0002622C  _vm_overlay_set_map                vm_ui
     00026316  _vm_set_text_sound                 vm_ui
ASxxxx Linker V03.00/V05.40 + sdld,  page 54.
Hexadecimal  [32-Bits]

Area                                    Addr        Size        Decimal Bytes (Attributes)
--------------------------------        ----        ----        ------- ----- ------------
_CODE_2                             00024000    00003FFE =       16382. bytes (REL,CON)

      Value  Global                              Global Defined In Module
      -----  --------------------------------   ------------------------
     0002632F  ___func_VM_MAIN                    vm
     0002632F  _vm_call                           vm
     00026371  _vm_ret                            vm
     000263D1  _vm_call_far                       vm
     00026450  _vm_ret_far                        vm
     000264C8  _vm_push                           vm
     000264F3  _vm_pop                            vm
     0002652E  _vm_loop                           vm
     000265B9  _vm_jump                           vm
     000265C5  _wait_frames                       vm
     00026632  _vm_invoke                         vm
     0002675F  _vm_join                           vm
     000267C1  _vm_terminate                      vm
     000267EE  _vm_if                             vm
     00026933  _vm_if_const                       vm
     00026A48  _vm_push_value                     vm
     00026A9A  _vm_push_value_ind                 vm
     00026B0F  _vm_push_reference                 vm
     00026B66  _vm_reserve                        vm
     00026B94  _vm_set                            vm
     00026BF5  _vm_set_const                      vm
     00026C21  _vm_get_tlocal                     vm
     00026CAE  _vm_test_terminate                 vm
     00026CB9  _vm_idle                           vm
     00026CC5  _vm_init_rng                       vm
     00026CF1  _vm_rand                           vm
     00026D33  _vm_lock                           vm
     00026D42  _vm_unlock                         vm
     00026D55  _vm_raise                          vm
     00026D97  _vm_set_indirect                   vm
     00026E12  _vm_get_indirect                   vm
     00026E8D  _vm_poll_loaded                    vm
     00026EBD  _vm_memset                         vm
     00026EF7  _vm_memcpy                         vm
     00026F74  _script_runner_init                vm
     0002702B  _script_execute                    vm
     00027191  _script_terminate                  vm
     000271F6  _script_detach_hthread             vm
     00027232  ___func_font_gbs_mono              font_gbs_mono
     00027FE2  _font_gbs_mono                     font_gbs_mono
     00027FEA  _script_engine_init                

ASxxxx Linker V03.00/V05.40 + sdld,  page 55.
Hexadecimal  [32-Bits]

Area                                    Addr        Size        Decimal Bytes (Attributes)
--------------------------------        ----        ----        ------- ----- ------------
_HEADER_SIO0                        00000000    00000004 =           4. bytes (ABS,CON)

      Value  Global                              Global Defined In Module
      -----  --------------------------------   ------------------------
ASxxxx Linker V03.00/V05.40 + sdld,  page 56.
Hexadecimal  [32-Bits]

Area                                    Addr        Size        Decimal Bytes (Attributes)
--------------------------------        ----        ----        ------- ----- ------------
_HEADER_TIMER0                      00000000    00000004 =           4. bytes (ABS,CON)

      Value  Global                              Global Defined In Module
      -----  --------------------------------   ------------------------
ASxxxx Linker V03.00/V05.40 + sdld,  page 57.
Hexadecimal  [32-Bits]

Area                                    Addr        Size        Decimal Bytes (Attributes)
--------------------------------        ----        ----        ------- ----- ------------
_HEADER_LCD0                        00000000    00000003 =           3. bytes (ABS,CON)

      Value  Global                              Global Defined In Module
      -----  --------------------------------   ------------------------
ASxxxx Linker V03.00/V05.40 + sdld,  page 58.

Files Linked                              [ module(s) ]

/tmp/_gbstools/gbdk/lib/gb/crt0.o         [ Runtime ]
/tmp/_gbsbuild/obj/absolute.rel           [ absolute ]
/tmp/_gbsbuild/obj/actor.rel              [ actor ]
/tmp/_gbsbuild/obj/bankdata.rel           [ bankdata ]
/tmp/_gbsbuild/obj/bootstrap.rel          [  ]
/tmp/_gbsbuild/obj/camera.rel             [ camera ]
/tmp/_gbsbuild/obj/core.rel               [ core ]
/tmp/_gbsbuild/obj/crash_handler.rel      [  ]
/tmp/_gbsbuild/obj/data_manager.rel       [ data_manager ]
/tmp/_gbsbuild/obj/events.rel             [ events ]
/tmp/_gbsbuild/obj/fade_manager.rel       [ fade_manager ]
/tmp/_gbsbuild/obj/flasher_s.rel          [  ]
/tmp/_gbsbuild/obj/flasher.rel            [ flasher ]
/tmp/_gbsbuild/obj/game_time.rel          [ game_time ]
/tmp/_gbsbuild/obj/gbprinter.rel          [ gbprinter ]
/tmp/_gbsbuild/obj/input.rel              [ input ]
/tmp/_gbsbuild/obj/interrupt_sio.rel      [  ]
/tmp/_gbsbuild/obj/interrupt_timer.rel    [  ]
/tmp/_gbsbuild/obj/interrupts.rel         [ interrupts ]
/tmp/_gbsbuild/obj/load_save.rel          [ load_save ]
/tmp/_gbsbuild/obj/math_atan2.rel         [ math_atan2 ]
/tmp/_gbsbuild/obj/math.rel               [ math ]
/tmp/_gbsbuild/obj/music_manager.rel      [ music_manager ]
/tmp/_gbsbuild/obj/palette.rel            [ palette ]
/tmp/_gbsbuild/obj/parallax.rel           [ parallax ]
/tmp/_gbsbuild/obj/projectiles.rel        [ projectiles ]
/tmp/_gbsbuild/obj/scroll_a.rel           [  ]
/tmp/_gbsbuild/obj/scroll.rel             [ scroll ]
/tmp/_gbsbuild/obj/set_tile_submap.rel    [  ]
/tmp/_gbsbuild/obj/sfx_player.rel         [ sfx_player ]
/tmp/_gbsbuild/obj/sgb_border.rel         [ sgb_border ]
/tmp/_gbsbuild/obj/sio.rel                [ sio ]
/tmp/_gbsbuild/obj/states_caller.rel      [  ]
/tmp/_gbsbuild/obj/system.rel             [ system ]
/tmp/_gbsbuild/obj/trigger.rel            [ trigger ]
/tmp/_gbsbuild/obj/ui_a.rel               [  ]
/tmp/_gbsbuild/obj/ui.rel                 [ ui ]
/tmp/_gbsbuild/obj/vm_actor.rel           [ vm_actor ]
/tmp/_gbsbuild/obj/vm_camera.rel          [ vm_camera ]
/tmp/_gbsbuild/obj/vm_gameboy.rel         [ vm_gameboy ]
/tmp/_gbsbuild/obj/vm_gbprinter.rel       [ vm_gbprinter ]
/tmp/_gbsbuild/obj/vm_instructions.rel    [ vm_instructions ]
/tmp/_gbsbuild/obj/vm_load_save.rel       [ vm_load_save ]
/tmp/_gbsbuild/obj/vm_math.rel            [ vm_math ]
/tmp/_gbsbuild/obj/vm_music.rel           [ vm_music ]
/tmp/_gbsbuild/obj/vm_palette.rel         [ vm_palette ]
/tmp/_gbsbuild/obj/vm_projectiles.rel     [ vm_projectiles ]
/tmp/_gbsbuild/obj/vm_rtc.rel             [ vm_rtc ]
/tmp/_gbsbuild/obj/vm_scene.rel           [ vm_scene ]
/tmp/_gbsbuild/obj/vm_sgb.rel             [ vm_sgb ]
/tmp/_gbsbuild/obj/vm_sio.rel             [ vm_sio ]
/tmp/_gbsbuild/obj/vm_ui_a.rel            [ vm_ui_a ]
/tmp/_gbsbuild/obj/vm_ui.rel              [ vm_ui ]
/tmp/_gbsbuild/obj/vm.rel                 [ vm ]
/tmp/_gbsbuild/obj/bg_tvbg_tilemap.rel    [ bg_tvbg_tilemap ]
/tmp/_gbsbuild/obj/bg_tvbg_tileset.rel    [ bg_tvbg_tileset ]
/tmp/_gbsbuild/obj/bg_tvbg.rel            [ bg_tvbg ]
/tmp/_gbsbuild/obj/bg_tvbg01_tilemap.rel  [ bg_tvbg01_tilemap ]
/tmp/_gbsbuild/obj/bg_tvbg01_tileset.rel  [ bg_tvbg01_tileset ]
/tmp/_gbsbuild/obj/bg_tvbg01.rel          [ bg_tvbg01 ]
/tmp/_gbsbuild/obj/bg_tvbg02_tilemap.rel  [ bg_tvbg02_tilemap ]
/tmp/_gbsbuild/obj/bg_tvbg02_tileset.rel  [ bg_tvbg02_tileset ]
/tmp/_gbsbuild/obj/bg_tvbg02.rel          [ bg_tvbg02 ]
/tmp/_gbsbuild/obj/bg_tvbg03_tilemap.rel  [ bg_tvbg03_tilemap ]
/tmp/_gbsbuild/obj/bg_tvbg03_tileset.rel  [ bg_tvbg03_tileset ]
/tmp/_gbsbuild/obj/bg_tvbg03.rel          [ bg_tvbg03 ]
/tmp/_gbsbuild/obj/bg_tvbg04_tilemap.rel  [ bg_tvbg04_tilemap ]
/tmp/_gbsbuild/obj/bg_tvbg04_tileset.rel  [ bg_tvbg04_tileset ]
/tmp/_gbsbuild/obj/bg_tvbg04.rel          [ bg_tvbg04 ]
/tmp/_gbsbuild/obj/bg_tvbg05_tilemap.rel  [ bg_tvbg05_tilemap ]
/tmp/_gbsbuild/obj/bg_tvbg05_tileset.rel  [ bg_tvbg05_tileset ]
/tmp/_gbsbuild/obj/bg_tvbg05.rel          [ bg_tvbg05 ]
/tmp/_gbsbuild/obj/bg_yousnoozebg_tilemap.rel
                                          [ bg_yousnoozebg_tilemap ]
/tmp/_gbsbuild/obj/bg_yousnoozebg_tileset.rel
                                          [ bg_yousnoozebg_tileset ]
/tmp/_gbsbuild/obj/bg_yousnoozebg.rel     [ bg_yousnoozebg ]
/tmp/_gbsbuild/obj/bg_yousnoozebg2_tilemap.rel
                                          [ bg_yousnoozebg2_tilemap ]
/tmp/_gbsbuild/obj/bg_yousnoozebg2_tileset.rel
                                          [ bg_yousnoozebg2_tileset ]
/tmp/_gbsbuild/obj/bg_yousnoozebg2.rel    [ bg_yousnoozebg2 ]
/tmp/_gbsbuild/obj/cursor_image.rel       [ cursor_image ]
/tmp/_gbsbuild/obj/font_gbs_mono.rel      [ font_gbs_mono ]
/tmp/_gbsbuild/obj/frame_image.rel        [ frame_image ]
/tmp/_gbsbuild/obj/game_signature.rel     [ game_signature ]
/tmp/_gbsbuild/obj/palette_0.rel          [ palette_0 ]
/tmp/_gbsbuild/obj/palette_1.rel          [ palette_1 ]
/tmp/_gbsbuild/obj/scene_1_collisions.rel
                                          [ scene_1_collisions ]
/tmp/_gbsbuild/obj/scene_1_init.rel       [ scene_1_init ]
/tmp/_gbsbuild/obj/scene_1.rel            [ scene_1 ]
/tmp/_gbsbuild/obj/scene_2_collisions.rel
                                          [ scene_2_collisions ]
/tmp/_gbsbuild/obj/scene_2_init.rel       [ scene_2_init ]
/tmp/_gbsbuild/obj/scene_2.rel            [ scene_2 ]
/tmp/_gbsbuild/obj/scene_3_collisions.rel
                                          [ scene_3_collisions ]
/tmp/_gbsbuild/obj/scene_3_init.rel       [ scene_3_init ]
/tmp/_gbsbuild/obj/scene_3.rel            [ scene_3 ]
/tmp/_gbsbuild/obj/scene_4_collisions.rel
                                          [ scene_4_collisions ]
/tmp/_gbsbuild/obj/scene_4_init.rel       [ scene_4_init ]
/tmp/_gbsbuild/obj/scene_4.rel            [ scene_4 ]
/tmp/_gbsbuild/obj/scene_5_collisions.rel
                                          [ scene_5_collisions ]
/tmp/_gbsbuild/obj/scene_5_init.rel       [ scene_5_init ]
/tmp/_gbsbuild/obj/scene_5.rel            [ scene_5 ]
/tmp/_gbsbuild/obj/scene_6_collisions.rel
                                          [ scene_6_collisions ]
/tmp/_gbsbuild/obj/scene_6_init.rel       [ scene_6_init ]
/tmp/_gbsbuild/obj/scene_6.rel            [ scene_6 ]
/tmp/_gbsbuild/obj/scene_7_collisions.rel
                                          [ scene_7_collisions ]
/tmp/_gbsbuild/obj/scene_7_init.rel       [ scene_7_init ]
/tmp/_gbsbuild/obj/scene_7.rel            [ scene_7 ]
/tmp/_gbsbuild/obj/scene_8_collisions.rel
                                          [ scene_8_collisions ]
/tmp/_gbsbuild/obj/scene_8_init.rel       [ scene_8_init ]
/tmp/_gbsbuild/obj/scene_8.rel            [ scene_8 ]
/tmp/_gbsbuild/obj/script_engine_init.rel
                                          [  ]
/tmp/_gbsbuild/obj/script_input.rel       [ script_input ]
/tmp/_gbsbuild/obj/script_timer_0.rel     [ script_timer_0 ]
/tmp/_gbsbuild/obj/script_timer_1.rel     [ script_timer_1 ]
/tmp/_gbsbuild/obj/script_timer_2.rel     [ script_timer_2 ]
/tmp/_gbsbuild/obj/script_timer_3.rel     [ script_timer_3 ]
/tmp/_gbsbuild/obj/script_timer.rel       [ script_timer ]
/tmp/_gbsbuild/obj/sprite_actor_animated_tileset.rel
                                          [ sprite_actor_animated_tileset ]
/tmp/_gbsbuild/obj/sprite_actor_animated.rel
                                          [ sprite_actor_animated ]
/tmp/_gbsbuild/obj/spritesheet_none.rel   [ spritesheet_none ]
/tmp/_gbsbuild/obj/tileset_default_frame.rel
                                          [ tileset_default_frame ]
/tmp/_gbsbuild/obj/main.rel               [ main ]
/tmp/_gbsbuild/obj/logo.rel               [ logo ]
/tmp/_gbsbuild/obj/pointnclick.rel        [ pointnclick ]
/tmp/_gbsbuild/obj/states_ptrs.rel        [  ]
/tmp/_gbsbuild/obj/topdown.rel            [ topdown ]


Libraries Linked                          [ object file ]

/tmp/_gbstools/gbdk/lib/gb/gb.lib         [ fill_rect_wi.o ]
/tmp/_gbstools/gbdk/lib/sm83/sm83.lib     [ rand.o ]
lib/hUGEDriver.lib                        [ hUGEDriver.o ]
/tmp/_gbstools/gbdk/lib/gb/gb.lib         [ sfr.o ]
/tmp/_gbstools/gbdk/lib/gb/gb.lib         [ get_data.o ]
/tmp/_gbstools/gbdk/lib/gb/gb.lib         [ get_tile.o ]
/tmp/_gbstools/gbdk/lib/gb/gb.lib         [ metasprites_hide_spr.o ]
/tmp/_gbstools/gbdk/lib/sm83/sm83.lib     [ mul.o ]
/tmp/_gbstools/gbdk/lib/gb/gb.lib         [ set_tile.o ]
/tmp/_gbstools/gbdk/lib/sm83/sm83.lib     [ abs.o ]
/tmp/_gbstools/gbdk/lib/gb/gb.lib         [ set_wi_t.o ]
/tmp/_gbstools/gbdk/lib/gb/gb.lib         [ set_data.o ]
/tmp/_gbstools/gbdk/lib/sm83/sm83.lib     [ reverse.o ]
/tmp/_gbstools/gbdk/lib/gb/gb.lib         [ far_ptr.o ]
/tmp/_gbstools/gbdk/lib/gb/gb.lib         [ sgb.o ]
/tmp/_gbstools/gbdk/lib/gb/gb.lib         [ lcd.o ]
/tmp/_gbstools/gbdk/lib/gb/gb.lib         [ fill_rect.o ]
/tmp/_gbstools/gbdk/lib/gb/gb.lib         [ cpy_data.o ]
/tmp/_gbstools/gbdk/lib/gb/gb.lib         [ fill_rect_bk.o ]
/tmp/_gbstools/gbdk/lib/gb/gb.lib         [ pad.o ]
/tmp/_gbstools/gbdk/lib/gb/gb.lib         [ metasprites.o ]
/tmp/_gbstools/gbdk/lib/sm83/sm83.lib     [ __sdcc_call_hl.o ]
/tmp/_gbstools/gbdk/lib/sm83/sm83.lib     [ memcpy.o ]
/tmp/_gbstools/gbdk/lib/sm83/sm83.lib     [ _memset.o ]
/tmp/_gbstools/gbdk/lib/gb/gb.lib         [ set_xy_t.o ]
/tmp/_gbstools/gbdk/lib/gb/gb.lib         [ ___sdcc_bcall_ehl.o ]
/tmp/_gbstools/gbdk/lib/sm83/sm83.lib     [ div.o ]
/tmp/_gbstools/gbdk/lib/gb/gb.lib         [ set_bk_t.o ]

ASxxxx Linker V03.00/V05.40 + sdld,  page 59.

User Base Address Definitions

_DATA=0xC0A0
_CODE=0x0200
ASxxxx Linker V03.00/V05.40 + sdld,  page 60.

User Global Definitions

.STACK=0xDF00
_shadow_OAM=0xC000
.refresh_OAM=0xFF80
__start_save=4

